#-----------------------------------------------------------
# Vivado v2016.3 (64-bit)
# SW Build 1682563 on Mon Oct 10 19:07:27 MDT 2016
# IP Build 1681267 on Mon Oct 10 21:28:31 MDT 2016
# Start of session at: Wed Jun 21 12:23:57 2017
# Process ID: 10388
# Current directory: C:/College/Thesis/VivadoProjects/SHA1_block
# Command line: vivado.exe -gui_launcher_event rodinguilauncherevent16784 C:\College\Thesis\VivadoProjects\SHA1_block\SHA1_block.xpr
# Log file: C:/College/Thesis/VivadoProjects/SHA1_block/vivado.log
# Journal file: C:/College/Thesis/VivadoProjects/SHA1_block\vivado.jou
#-----------------------------------------------------------
start_gui
open_project C:/College/Thesis/VivadoProjects/SHA1_block/SHA1_block.xpr
launch_runs synth_1
wait_on_run synth_1
launch_simulation -mode post-synthesis -type functional
source counter_tb.tcl
close_sim
reset_run synth_1
launch_runs synth_1
wait_on_run synth_1
refresh_design
launch_simulation -mode post-synthesis -type functional
source counter_tb.tcl
close_sim
reset_run synth_1
launch_runs synth_1
wait_on_run synth_1
refresh_design
launch_simulation -mode post-synthesis -type functional
source counter_tb.tcl
launch_simulation
source counter_tb.tcl
close_sim
close_sim
launch_simulation -mode post-synthesis -type functional
source counter_tb.tcl
close_sim
launch_simulation -mode post-synthesis -type functional
source counter_tb.tcl
close_sim
reset_run synth_1
launch_runs synth_1
wait_on_run synth_1
refresh_design
launch_simulation -mode post-synthesis -type functional
source counter_tb.tcl
close_sim
reset_run synth_1
launch_runs synth_1
wait_on_run synth_1
refresh_design
launch_simulation -mode post-synthesis -type functional
source counter_tb.tcl
close_sim
launch_simulation
source counter_tb.tcl
launch_simulation -mode post-synthesis -type functional
source counter_tb.tcl
close_sim
close_sim
reset_run synth_1
launch_runs synth_1
wait_on_run synth_1
refresh_design
launch_simulation -mode post-synthesis -type functional
source counter_tb.tcl
reset_run synth_1
launch_runs synth_1
wait_on_run synth_1
reset_run synth_1
close_sim
