#-----------------------------------------------------------
# Vivado v2016.3 (64-bit)
# SW Build 1682563 on Mon Oct 10 19:07:27 MDT 2016
# IP Build 1681267 on Mon Oct 10 21:28:31 MDT 2016
# Start of session at: Thu Jun 29 15:05:28 2017
# Process ID: 10708
# Current directory: C:/College/Thesis/VivadoProjects/SHA1_BRAM
# Command line: vivado.exe -gui_launcher_event rodinguilauncherevent4880 C:\College\Thesis\VivadoProjects\SHA1_BRAM\SHA1_BRAM.xpr
# Log file: C:/College/Thesis/VivadoProjects/SHA1_BRAM/vivado.log
# Journal file: C:/College/Thesis/VivadoProjects/SHA1_BRAM\vivado.jou
#-----------------------------------------------------------
start_gui
open_project C:/College/Thesis/VivadoProjects/SHA1_BRAM/SHA1_BRAM.xpr
reset_run synth_1
launch_runs impl_1 -jobs 2
wait_on_run impl_1
reset_run synth_1
launch_runs impl_1 -jobs 2
wait_on_run impl_1
reset_run synth_1
launch_runs impl_1 -jobs 2
wait_on_run impl_1
reset_run synth_1
launch_runs impl_1 -jobs 2
wait_on_run impl_1
reset_run synth_1
launch_runs impl_1 -jobs 2
wait_on_run impl_1
reset_run synth_1
launch_runs impl_1 -jobs 2
wait_on_run impl_1
launch_simulation -mode post-synthesis -type functional
source tb.tcl
close_sim
reset_run synth_1
launch_runs synth_1 -jobs 2
wait_on_run synth_1
refresh_design
launch_simulation -mode post-synthesis -type functional
source tb.tcl
close_sim
reset_run synth_1
launch_runs impl_1 -jobs 2
wait_on_run impl_1
refresh_design
reset_run synth_1
launch_runs impl_1 -jobs 2
wait_on_run impl_1
reset_run synth_1
launch_runs impl_1 -jobs 2
wait_on_run impl_1
refresh_design
reset_run synth_1
launch_runs impl_1 -jobs 2
wait_on_run impl_1
set_msg_config -suppress -id {Project 1-19} -string {{CRITICAL WARNING: [Project 1-19] Could not find the file 'C:/College/Thesis/VivadoProjects/SHA1_BRAM/tb_behav.wcfg'.} } 
refresh_design
reset_run synth_1
launch_runs impl_1 -jobs 2
wait_on_run impl_1
reset_run synth_1
launch_runs impl_1 -jobs 2
wait_on_run impl_1
refresh_design
reset_run synth_1
launch_runs synth_1 -jobs 2
wait_on_run synth_1
reset_run synth_1
launch_runs synth_1 -jobs 2
wait_on_run synth_1
refresh_design
launch_simulation -mode post-synthesis -type functional
source tb.tcl
close_sim
reset_run synth_1
launch_runs synth_1 -jobs 2
wait_on_run synth_1
refresh_design
launch_simulation -mode post-synthesis -type functional
source tb.tcl
launch_simulation
source tb.tcl
close_sim
close_sim
reset_run synth_1
launch_runs synth_1 -jobs 2
wait_on_run synth_1
refresh_design
launch_simulation -mode post-synthesis -type functional
source tb.tcl
close_sim
launch_runs impl_1 -jobs 2
wait_on_run impl_1
close_design
