#-----------------------------------------------------------
# Vivado v2016.3 (64-bit)
# SW Build 1682563 on Mon Oct 10 19:07:27 MDT 2016
# IP Build 1681267 on Mon Oct 10 21:28:31 MDT 2016
# Start of session at: Mon Jun 12 15:33:26 2017
# Process ID: 9484
# Current directory: C:/College/Thesis/VivadoProjects/sha1_core
# Command line: vivado.exe -gui_launcher_event rodinguilauncherevent9184 C:\College\Thesis\VivadoProjects\sha1_core\SHA1_core.xpr
# Log file: C:/College/Thesis/VivadoProjects/sha1_core/vivado.log
# Journal file: C:/College/Thesis/VivadoProjects/sha1_core\vivado.jou
#-----------------------------------------------------------
start_gui
open_project C:/College/Thesis/VivadoProjects/sha1_core/SHA1_core.xpr
reset_run synth_1
launch_runs synth_1
wait_on_run synth_1
launch_simulation
source SHA1_core_tb.tcl
launch_simulation -mode post-synthesis -type functional
source SHA1_core_tb.tcl
close_sim
close_sim
close_design
launch_runs impl_1
wait_on_run impl_1
launch_simulation
source SHA1_core_tb.tcl
close_sim
launch_simulation
source SHA1_core_tb.tcl
close_sim
launch_simulation
source SHA1_core_tb.tcl
close_sim
launch_simulation
source SHA1_core_tb.tcl
close_sim
reset_run synth_1
launch_runs synth_1
wait_on_run synth_1
launch_simulation -mode post-synthesis -type functional
source SHA1_core_tb.tcl
close_sim
reset_run synth_1
launch_runs synth_1
wait_on_run synth_1
refresh_design
launch_simulation
source SHA1_core_tb.tcl
launch_simulation -mode post-synthesis -type functional
source SHA1_core_tb.tcl
close_sim
close_sim
launch_simulation -mode post-synthesis -type functional
source SHA1_core_tb.tcl
close_sim
