Copyright 1986-2016 Xilinx, Inc. All Rights Reserved.
------------------------------------------------------------------------------------
| Tool Version : Vivado v.2016.3 (win64) Build 1682563 Mon Oct 10 19:07:27 MDT 2016
| Date         : Fri Jun 30 11:45:44 2017
| Host         : LAPTOP-L1N8U9P6 running 64-bit major release  (build 9200)
| Command      : report_control_sets -verbose -file top_control_sets_placed.rpt
| Design       : top
| Device       : xc7a100t
------------------------------------------------------------------------------------

Control Set Information

Table of Contents
-----------------
1. Summary
2. Flip-Flop Distribution
3. Detailed Control Set Information

1. Summary
----------

+----------------------------------------------------------+-------+
|                          Status                          | Count |
+----------------------------------------------------------+-------+
| Number of unique control sets                            |    66 |
| Unused register locations in slices containing registers |    53 |
+----------------------------------------------------------+-------+


2. Flip-Flop Distribution
-------------------------

+--------------+-----------------------+------------------------+-----------------+--------------+
| Clock Enable | Synchronous Set/Reset | Asynchronous Set/Reset | Total Registers | Total Slices |
+--------------+-----------------------+------------------------+-----------------+--------------+
| No           | No                    | No                     |            1128 |          350 |
| No           | No                    | Yes                    |               9 |            4 |
| No           | Yes                   | No                     |            2721 |         1251 |
| Yes          | No                    | No                     |             864 |          401 |
| Yes          | No                    | Yes                    |             681 |          255 |
| Yes          | Yes                   | No                     |               0 |            0 |
+--------------+-----------------------+------------------------+-----------------+--------------+


3. Detailed Control Set Information
-----------------------------------

+--------------------------------+--------------------------+---------------------------+------------------+----------------+
|          Clock Signal          |       Enable Signal      |      Set/Reset Signal     | Slice Load Count | Bel Load Count |
+--------------------------------+--------------------------+---------------------------+------------------+----------------+
|  SH1/digest_done_reg_i_1_n_9   |                          | SH1/w                     |                1 |              1 |
|  clk_IBUF_BUFG                 | C0/do_reg[0][0]          | M1/done_reg_0             |                1 |              1 |
|  clk_IBUF_BUFG                 | C0/do_reg[0][0]          | HO1/done_reg_0            |                1 |              3 |
|  SH1/flag_reg[3]_i_2_n_9       |                          |                           |                1 |              4 |
|  SH1/next_state_reg[3]_i_1_n_9 |                          |                           |                1 |              4 |
|  clk_IBUF_BUFG                 |                          | HO1/done_reg_0            |                2 |              4 |
|  clk_IBUF_BUFG                 |                          | M1/done_reg_0             |                2 |              5 |
|  clk_IBUF_BUFG                 | enHashIn_IBUF            | M1/done_reg_0             |                4 |              8 |
|  clk_IBUF_BUFG                 | C0/RAM_reg[2][31]_0[0]   |                           |               16 |             32 |
|  clk_IBUF_BUFG                 | C0/RAM_reg[3][31][0]     |                           |               18 |             32 |
|  clk_IBUF_BUFG                 | HO1/hash_out[31]_i_1_n_9 |                           |               16 |             32 |
|  clk_IBUF_BUFG                 | C0/RAM_reg[14][31][0]    |                           |               17 |             32 |
|  clk_IBUF_BUFG                 | C0/E[0]                  |                           |               17 |             32 |
|  clk_IBUF_BUFG                 | C0/RAM_reg[0][31][0]     |                           |               11 |             32 |
|  clk_IBUF_BUFG                 | C0/RAM_reg[10][31][0]    |                           |               16 |             32 |
|  clk_IBUF_BUFG                 | C0/RAM_reg[11][31][0]    |                           |               17 |             32 |
|  clk_IBUF_BUFG                 | C0/RAM_reg[12][31][0]    |                           |               19 |             32 |
|  clk_IBUF_BUFG                 | C0/RAM_reg[13][31][0]    |                           |               19 |             32 |
|  clk_IBUF_BUFG                 | C0/RAM_reg[1][31][0]     |                           |               15 |             32 |
|  clk_IBUF_BUFG                 | C0/RAM_reg[2][31][0]     |                           |               15 |             32 |
|  clk_IBUF_BUFG                 | C0/RAM_reg[3][31]_0[0]   |                           |               15 |             32 |
|  clk_IBUF_BUFG                 | C0/RAM_reg[4][31][0]     |                           |               18 |             32 |
|  clk_IBUF_BUFG                 | C0/RAM_reg[4][31]_0[0]   |                           |               17 |             32 |
|  clk_IBUF_BUFG                 | C0/RAM_reg[5][31][0]     |                           |               14 |             32 |
|  clk_IBUF_BUFG                 | C0/RAM_reg[5][31]_0[0]   |                           |               19 |             32 |
|  clk_IBUF_BUFG                 | C0/RAM_reg[6][31][0]     |                           |               15 |             32 |
|  clk_IBUF_BUFG                 | C0/RAM_reg[7][31][0]     |                           |               20 |             32 |
|  clk_IBUF_BUFG                 | C0/RAM_reg[9][31][0]     |                           |               13 |             32 |
|  clk_IBUF_BUFG                 | C0/RAM_reg[15][31][0]    |                           |               15 |             32 |
|  clk_IBUF_BUFG                 | C0/RAM_reg[1][31]_0[0]   |                           |               14 |             32 |
|  clk_IBUF_BUFG                 | C0/do_reg[0][0]          | M1/do_reg[352]_0          |               24 |             46 |
|  clk_IBUF_BUFG                 | C0/do_reg[511][0]        | M1/do_reg[352]_0          |               29 |             65 |
|  clk_IBUF_BUFG                 | C0/do_reg[511][0]        | M1/done_reg_0             |               28 |             97 |
|  clk_IBUF_BUFG                 | C0/do_reg[511][0]        | M1/do[479]_i_1_n_9        |               41 |            111 |
|  clk_IBUF_BUFG                 | C0/do_reg[0][0]          | HI1/do[156]_i_1_n_9       |               48 |            111 |
|  clk_IBUF_BUFG                 | C0/do_reg[511][0]        | M1/do[383]_i_1_n_9        |               33 |            111 |
|  clk_IBUF_BUFG                 | C0/do_reg[511][0]        | M1/do[447]_i_1_n_9        |               46 |            128 |
|  n_0_18373_BUFG                |                          | SH1/w_reg[52][31]_i_2_n_9 |               50 |            128 |
|  n_0_18373_BUFG                |                          | SH1/w_reg[56][31]_i_2_n_9 |               65 |            128 |
|  n_0_18373_BUFG                |                          | SH1/w_reg[58][31]_i_2_n_9 |               61 |            128 |
|  n_0_18373_BUFG                |                          | SH1/w_reg[60][31]_i_2_n_9 |               62 |            128 |
|  n_0_18373_BUFG                |                          | SH1/w_reg[69][31]_i_2_n_9 |               64 |            128 |
|  n_0_18373_BUFG                |                          | SH1/w_reg[73][31]_i_2_n_9 |               53 |            128 |
|  n_0_18373_BUFG                |                          | SH1/w_reg[76][31]_i_2_n_9 |               64 |            128 |
|  n_0_18373_BUFG                |                          | SH1/w_reg[46][31]_i_2_n_9 |               51 |            128 |
|  n_0_18373_BUFG                |                          | SH1/w_reg[47][31]_i_2_n_9 |               50 |            128 |
|  n_0_18373_BUFG                |                          | SH1/w_reg[17][31]_i_2_n_9 |               50 |            128 |
|  n_0_18373_BUFG                |                          | SH1/w_reg[26][31]_i_2_n_9 |               60 |            128 |
|  n_0_18373_BUFG                |                          | SH1/w_reg[27][31]_i_2_n_9 |               76 |            128 |
|  n_0_18373_BUFG                |                          | SH1/w_reg[28][31]_i_2_n_9 |               64 |            128 |
|  n_0_18373_BUFG                |                          | SH1/w_reg[29][31]_i_2_n_9 |               56 |            128 |
|  n_0_18373_BUFG                |                          | SH1/w_reg[37][31]_i_2_n_9 |               61 |            128 |
|  n_0_18373_BUFG                |                          | SH1/w_reg[79][31]_i_2_n_9 |               73 |            128 |
|  n_1_11_BUFG                   |                          | SH1/w_reg[5][31]_i_2_n_9  |               62 |            128 |
|  n_1_11_BUFG                   |                          | SH1/w_reg[14][31]_i_2_n_9 |               57 |            128 |
|  n_1_11_BUFG                   |                          | SH1/w_reg[1][31]_i_2_n_9  |               64 |            128 |
|  n_1_11_BUFG                   |                          | SH1/w_reg[8][31]_i_2_n_9  |               59 |            128 |
|  clk_IBUF_BUFG                 | HO1/temp[159]_i_1_n_9    |                           |               45 |            160 |
|  e                             |                          | SH1/w                     |               48 |            160 |
|  n_2_12_BUFG                   |                          |                           |               44 |            160 |
|  n_3_10_BUFG                   |                          |                           |               44 |            160 |
|  n_4_13684_BUFG                |                          |                           |               40 |            160 |
|  n_5_13682_BUFG                |                          |                           |               44 |            160 |
|  n_6_13687_BUFG                |                          |                           |               55 |            160 |
|  n_7_13685_BUFG                |                          |                           |               81 |            160 |
|  n_8_13686_BUFG                |                          |                           |               40 |            160 |
+--------------------------------+--------------------------+---------------------------+------------------+----------------+


+--------+-----------------------+
| Fanout | Number of ControlSets |
+--------+-----------------------+
| 1      |                     2 |
| 3      |                     1 |
| 4      |                     3 |
| 5      |                     1 |
| 8      |                     1 |
| 16+    |                    58 |
+--------+-----------------------+


